<html>
<body>
<pre>
<h1>µVision Build Log</h1>
<h2>Tool Versions:</h2>
IDE-Version: ¦ÌVision V5.28.0.0
Copyright (C) 2019 ARM Ltd and ARM Germany GmbH. All rights reserved.
License Information:  ,  , LIC=KRMW3-ASA8R-CXHU6-DQXG5-V8YH5-7QFTE
 
Tool Versions:
Toolchain:       MDK-ARM Plus  Version: 5.28.0.0
Toolchain Path:  D:\download_something\Keil\reality\MDK\core\ARM\ARMCC\Bin
C Compiler:      Armcc.exe V5.06 update 6 (build 750)
Assembler:       Armasm.exe V5.06 update 6 (build 750)
Linker/Locator:  ArmLink.exe V5.06 update 6 (build 750)
Library Manager: ArmAr.exe V5.06 update 6 (build 750)
Hex Converter:   FromElf.exe V5.06 update 6 (build 750)
CPU DLL:         SARMCM3.DLL V5.28.0.0
Dialog DLL:      DCM.DLL V1.17.3.0
Target DLL:      STLink\ST-LINKIII-KEIL_SWO.dll V3.0.6.0
Dialog DLL:      TCM.DLL V1.36.2.0
 
<h2>Project:</h2>
D:\download_something\git\project\rm\can_test\MDK-ARM\can_test.uvprojx
Project File Date:  10/11/2024

<h2>Output:</h2>
*** Using Compiler 'V5.06 update 6 (build 750)', folder: 'D:\download_something\Keil\reality\MDK\core\ARM\ARMCC\Bin'
Rebuild target 'can_test'
assembling startup_stm32f407xx.s...
compiling chassis.c...
compiling rc.c...
..\Core\Src\rc.c(14): warning:  #1035-D: single-precision operand implicitly converted to double-precision
  	MotorTarget.A_RPM = (MotorTarget.A_Speed*60.0*Reduction_Ratio)/(2.0*PI*R);
..\Core\Src\rc.c(14): warning:  #1035-D: single-precision operand implicitly converted to double-precision
  	MotorTarget.A_RPM = (MotorTarget.A_Speed*60.0*Reduction_Ratio)/(2.0*PI*R);
..\Core\Src\rc.c(15): warning:  #1035-D: single-precision operand implicitly converted to double-precision
  	MotorTarget.B_RPM = (MotorTarget.B_Speed*60.0*Reduction_Ratio)/(2.0*PI*R);
..\Core\Src\rc.c(15): warning:  #1035-D: single-precision operand implicitly converted to double-precision
  	MotorTarget.B_RPM = (MotorTarget.B_Speed*60.0*Reduction_Ratio)/(2.0*PI*R);
..\Core\Src\rc.c(16): warning:  #1035-D: single-precision operand implicitly converted to double-precision
  	MotorTarget.C_RPM = (MotorTarget.C_Speed*60.0*Reduction_Ratio)/(2.0*PI*R);
..\Core\Src\rc.c(16): warning:  #1035-D: single-precision operand implicitly converted to double-precision
  	MotorTarget.C_RPM = (MotorTarget.C_Speed*60.0*Reduction_Ratio)/(2.0*PI*R);
..\Core\Src\rc.c(17): warning:  #1035-D: single-precision operand implicitly converted to double-precision
  	MotorTarget.D_RPM = (MotorTarget.D_Speed*60.0*Reduction_Ratio)/(2.0*PI*R);
..\Core\Src\rc.c(17): warning:  #1035-D: single-precision operand implicitly converted to double-precision
  	MotorTarget.D_RPM = (MotorTarget.D_Speed*60.0*Reduction_Ratio)/(2.0*PI*R);
..\Core\Src\rc.c: 8 warnings, 0 errors
compiling stm32f4xx_it.c...
compiling motol_pid.c...
compiling dma.c...
compiling gpio.c...
compiling drv_can.c...
compiling usart.c...
compiling main.c...
compiling stm32f4xx_hal_msp.c...
compiling can.c...
compiling stm32f4xx_hal_can.c...
compiling stm32f4xx_hal_rcc_ex.c...
compiling stm32f4xx_hal_rcc.c...
compiling stm32f4xx_hal_flash.c...
compiling stm32f4xx_hal_flash_ramfunc.c...
compiling stm32f4xx_hal_gpio.c...
compiling stm32f4xx_hal_tim_ex.c...
compiling stm32f4xx_hal_pwr.c...
compiling stm32f4xx_hal_tim.c...
compiling stm32f4xx_hal_exti.c...
compiling stm32f4xx_hal_flash_ex.c...
compiling stm32f4xx_hal_pwr_ex.c...
compiling stm32f4xx_hal.c...
compiling stm32f4xx_hal_dma.c...
compiling stm32f4xx_hal_cortex.c...
compiling stm32f4xx_hal_dma_ex.c...
compiling system_stm32f4xx.c...
compiling stm32f4xx_hal_uart.c...
linking...
Program Size: Code=11214 RO-data=458 RW-data=68 ZI-data=2244  
FromELF: creating hex file...
"can_test\can_test.axf" - 0 Error(s), 8 Warning(s).

<h2>Software Packages used:</h2>

Package Vendor: ARM
                http://www.keil.com/pack/ARM.CMSIS.5.5.1.pack
                ARM.CMSIS.5.5.1
                CMSIS (Cortex Microcontroller Software Interface Standard)
   * Component: CORE Version: 5.2.0

Package Vendor: Keil
                https://www.keil.com/pack/Keil.STM32F4xx_DFP.2.17.1.pack
                Keil.STM32F4xx_DFP.2.17.1
                STMicroelectronics STM32F4 Series Device Support, Drivers and Examples

<h2>Collection of Component include folders:</h2>
  .\RTE\_can_test
  D:\download_something\Keil\reality\MDK\pake\ARM\CMSIS\5.5.1\CMSIS\Core\Include
  D:\download_something\Keil\reality\MDK\pake\Keil\STM32F4xx_DFP\2.17.1\Drivers\CMSIS\Device\ST\STM32F4xx\Include

<h2>Collection of Component Files used:</h2>

   * Component: ARM::CMSIS:CORE:5.2.0
Build Time Elapsed:  00:00:12
</pre>
</body>
</html>
